------------------------------------------------------------
TimeQuest Timing Analyzer Summary
------------------------------------------------------------

Type  : Slow 1100mV 85C Model Setup 'clk'
Slack : -0.581
TNS   : -2.911

Type  : Slow 1100mV 85C Model Hold 'clk'
Slack : 0.475
TNS   : 0.000

Type  : Slow 1100mV 85C Model Minimum Pulse Width 'clk'
Slack : -0.724
TNS   : -7.753

Type  : Slow 1100mV 0C Model Setup 'clk'
Slack : -0.565
TNS   : -3.217

Type  : Slow 1100mV 0C Model Hold 'clk'
Slack : 0.474
TNS   : 0.000

Type  : Slow 1100mV 0C Model Minimum Pulse Width 'clk'
Slack : -0.724
TNS   : -7.903

Type  : Fast 1100mV 85C Model Setup 'clk'
Slack : 0.326
TNS   : 0.000

Type  : Fast 1100mV 85C Model Hold 'clk'
Slack : 0.182
TNS   : 0.000

Type  : Fast 1100mV 85C Model Minimum Pulse Width 'clk'
Slack : -0.079
TNS   : -0.550

Type  : Fast 1100mV 0C Model Setup 'clk'
Slack : 0.372
TNS   : 0.000

Type  : Fast 1100mV 0C Model Hold 'clk'
Slack : 0.173
TNS   : 0.000

Type  : Fast 1100mV 0C Model Minimum Pulse Width 'clk'
Slack : -0.080
TNS   : -0.554

------------------------------------------------------------
