------------------------------------------------------------
TimeQuest Timing Analyzer Summary
------------------------------------------------------------

Type  : Slow 1100mV 85C Model Setup 'clk'
Slack : -0.480
TNS   : -1.558

Type  : Slow 1100mV 85C Model Hold 'clk'
Slack : 0.325
TNS   : 0.000

Type  : Slow 1100mV 85C Model Minimum Pulse Width 'clk'
Slack : -0.724
TNS   : -4.426

Type  : Slow 1100mV 0C Model Setup 'clk'
Slack : -0.534
TNS   : -1.767

Type  : Slow 1100mV 0C Model Hold 'clk'
Slack : 0.308
TNS   : 0.000

Type  : Slow 1100mV 0C Model Minimum Pulse Width 'clk'
Slack : -0.724
TNS   : -4.440

Type  : Fast 1100mV 85C Model Setup 'clk'
Slack : 0.374
TNS   : 0.000

Type  : Fast 1100mV 85C Model Hold 'clk'
Slack : 0.144
TNS   : 0.000

Type  : Fast 1100mV 85C Model Minimum Pulse Width 'clk'
Slack : -0.084
TNS   : -0.334

Type  : Fast 1100mV 0C Model Setup 'clk'
Slack : 0.401
TNS   : 0.000

Type  : Fast 1100mV 0C Model Hold 'clk'
Slack : 0.128
TNS   : 0.000

Type  : Fast 1100mV 0C Model Minimum Pulse Width 'clk'
Slack : -0.087
TNS   : -0.344

------------------------------------------------------------
